03-05 09:35:35.155: E/Watchdog(327): !@Sync 402
03-05 09:35:39.241: D/AndroidRuntime(5933): >>>>>> AndroidRuntime START com.android.internal.os.RuntimeInit <<<<<<
03-05 09:35:39.241: D/AndroidRuntime(5933): CheckJNI is OFF
03-05 09:35:39.248: D/AndroidRuntime(5933): setted country_code = CANADA
03-05 09:35:39.248: D/AndroidRuntime(5933): setted countryiso_code = CA
03-05 09:35:39.248: D/AndroidRuntime(5933): setted sales_code = XAC
03-05 09:35:39.248: D/AndroidRuntime(5933): readGMSProperty: start
03-05 09:35:39.248: D/AndroidRuntime(5933): readGMSProperty: already setted!!
03-05 09:35:39.248: D/AndroidRuntime(5933): readGMSProperty: end
03-05 09:35:39.256: D/dalvikvm(5933): Trying to load lib libjavacore.so 0x0
03-05 09:35:39.264: D/dalvikvm(5933): Added shared lib libjavacore.so 0x0
03-05 09:35:39.264: D/dalvikvm(5933): Trying to load lib libnativehelper.so 0x0
03-05 09:35:39.264: D/dalvikvm(5933): Added shared lib libnativehelper.so 0x0
03-05 09:35:39.498: D/dalvikvm(5933): Note: class Landroid/app/ActivityManagerNative; has 153 unimplemented (abstract) methods
03-05 09:35:39.545: D/AndroidRuntime(5933): Calling main entry com.android.commands.pm.Pm
03-05 09:35:39.592: D/AndroidRuntime(5933): Shutting down VM
03-05 09:35:39.600: D/dalvikvm(5933): GC_CONCURRENT freed 102K, 78% free 570K/2560K, paused 0ms+1ms, total 5ms
03-05 09:35:39.600: D/jdwp(5933): Got wake-up signal, bailing out of select
03-05 09:35:39.600: D/dalvikvm(5933): Debugger has detached; object registry had 1 entries
03-05 09:35:40.037: D/AndroidRuntime(5946): >>>>>> AndroidRuntime START com.android.internal.os.RuntimeInit <<<<<<
03-05 09:35:40.037: D/AndroidRuntime(5946): CheckJNI is OFF
03-05 09:35:40.037: D/AndroidRuntime(5946): setted country_code = CANADA
03-05 09:35:40.037: D/AndroidRuntime(5946): setted countryiso_code = CA
03-05 09:35:40.037: D/AndroidRuntime(5946): setted sales_code = XAC
03-05 09:35:40.037: D/AndroidRuntime(5946): readGMSProperty: start
03-05 09:35:40.037: D/AndroidRuntime(5946): readGMSProperty: already setted!!
03-05 09:35:40.037: D/AndroidRuntime(5946): readGMSProperty: end
03-05 09:35:40.045: D/dalvikvm(5946): Trying to load lib libjavacore.so 0x0
03-05 09:35:40.053: D/dalvikvm(5946): Added shared lib libjavacore.so 0x0
03-05 09:35:40.053: D/dalvikvm(5946): Trying to load lib libnativehelper.so 0x0
03-05 09:35:40.053: D/dalvikvm(5946): Added shared lib libnativehelper.so 0x0
03-05 09:35:40.295: D/dalvikvm(5946): Note: class Landroid/app/ActivityManagerNative; has 153 unimplemented (abstract) methods
03-05 09:35:40.342: D/AndroidRuntime(5946): Calling main entry com.android.commands.am.Am
03-05 09:35:40.412: I/power(327): *** acquire_dvfs_lock : lockType : 1  freq : 1008000 
03-05 09:35:40.412: D/KeyguardViewMediator(327): setHidden false
03-05 09:35:40.412: D/PowerManagerService(327): acquireDVFSLockLocked : type : DVFS_MIN_LIMIT  frequency : 1008000  uid : 1000  pid : 327  tag : ActivityManager
03-05 09:35:40.412: W/ActivityManager(327): mDVFSLock.acquire()
03-05 09:35:40.451: D/Launcher.HomeFragment(557): onPause
03-05 09:35:40.451: D/Launcher(557): onPause, Launcher: 1099719264
03-05 09:35:40.459: D/AndroidRuntime(5946): Shutting down VM
03-05 09:35:40.459: E/SurfaceFlinger(308): SurfaceFlinger translucent=0 isOpaque=1 isExternalDisplayLayer=0 isExternalBlockLayer0
03-05 09:35:40.459: E/SurfaceFlinger(308): SurfaceFlinger translucent=1 isOpaque=0 isExternalDisplayLayer=0 isExternalBlockLayer0
03-05 09:35:40.459: E/SurfaceFlinger(308): SurfaceFlinger translucent=0 isOpaque=1 isExternalDisplayLayer=0 isExternalBlockLayer0
03-05 09:35:40.459: D/dalvikvm(5946): GC_CONCURRENT freed 103K, 77% free 597K/2560K, paused 0ms+0ms, total 5ms
03-05 09:35:40.467: D/jdwp(5946): Got wake-up signal, bailing out of select
03-05 09:35:40.467: D/dalvikvm(5946): Debugger has detached; object registry had 1 entries
03-05 09:35:40.467: V/TaskCloserActivity(1606): TaskCloserActivity onReceive()
03-05 09:35:40.467: I/AndroidRuntime(5946): NOTE: attach of thread 'Binder_3' failed
03-05 09:35:40.475: D/KeyguardViewMediator(327): setHidden false
03-05 09:35:40.475: V/WindowManager(327): rotationForOrientationLw(orient=0, last=0); user=0 USER_ROTATION_LOCKED mLidState=-1 mDockMode=0 mHdmiPlugged=false mAccelerometerDefault=false sensorRotation=-1
03-05 09:35:40.483: D/KeyguardViewMediator(327): setHidden false
03-05 09:35:40.483: E/TICameraProperties(5918): num_cameras = 2
03-05 09:35:40.483: D/SecCameraCoreManager(5918): SecCameraCoreManager created: pid=5918, cameraId=0
03-05 09:35:40.483: I/SecCameraCoreManager(5918): Opening camera 0
03-05 09:35:40.483: I/CameraHAL(5918): camera_device open
03-05 09:35:40.483: I/CameraHAL(5918): Sensor index 0
03-05 09:35:40.491: D/Launcher(557): onTrimMemory. Level: 20
03-05 09:35:40.639: I/CameraHAL(5918): PreviewFormat yuv420sp
03-05 09:35:40.639: I/CameraHAL(5918): VSTAB false
03-05 09:35:40.639: I/CameraHAL(5918): IPP mode set ldc-nsf
03-05 09:35:40.639: I/CameraHAL(5918): PreviewResolution by App 640 x 480
03-05 09:35:40.639: I/CameraHAL(5918): Recording Hint is set to NULL
03-05 09:35:40.639: I/CameraHAL(5918): Focus mode set infinity
03-05 09:35:40.639: I/CameraHAL(5918): Picture Size by App 640 x 480
03-05 09:35:40.639: I/CameraHAL(5918): FRAMERATE 30
03-05 09:35:40.639: I/CameraHAL(5918): FPS Range = 6000,30000
03-05 09:35:40.639: I/CameraHAL(5918): DEFAULT FPS Range = 6000,30000
03-05 09:35:40.639: I/CameraHAL(5918): SET FRAMERATE 30
03-05 09:35:40.639: I/CameraHAL(5918): FPS Range [6, 30]
03-05 09:35:40.639: I/CameraHAL(5918): GBCE Value = disable
03-05 09:35:40.639: I/CameraHAL(5918): Exposure set = auto
03-05 09:35:40.639: I/CameraHAL(5918): White balance set auto
03-05 09:35:40.639: I/CameraHAL(5918): Contrast set 100
03-05 09:35:40.639: I/CameraHAL(5918): Sharpness set 100
03-05 09:35:40.639: I/CameraHAL(5918): Saturation set 100
03-05 09:35:40.639: I/CameraHAL(5918): Brightness set 50
03-05 09:35:40.639: I/CameraHAL(5918): Antibanding set off
03-05 09:35:40.639: I/CameraHAL(5918): ISO set auto
03-05 09:35:40.639: I/CameraHAL(5918): Exposure compensation set 0
03-05 09:35:40.639: I/CameraHAL(5918): Scene mode set auto
03-05 09:35:40.639: I/CameraHAL(5918): Effect set none
03-05 09:35:40.639: I/CameraHAL(5918): Jpeg quality set 95
03-05 09:35:40.639: I/CameraHAL(5918): Thumbnail width set 160
03-05 09:35:40.639: I/CameraHAL(5918): Thumbnail height set 120
03-05 09:35:40.639: I/CameraHAL(5918): Thumbnail quality set 60
03-05 09:35:40.639: I/CameraHAL(5918): EXIF Model set GT-P5113
03-05 09:35:40.639: I/CameraHAL(5918): EXIF Make set Samsung
03-05 09:35:40.639: I/CameraHAL(5918): Zoom set 0
03-05 09:35:40.639: I/CameraHAL(5918): Auto Exposure Lock set false
03-05 09:35:40.639: I/CameraHAL(5918): Auto WhiteBalance Lock set false
03-05 09:35:40.639: I/ShotCommon(5918): ShotCommon created: pid=5918
03-05 09:35:40.639: I/ShotCommon(5918): Preview width(640), height(480)
03-05 09:35:40.639: I/ShotCommon(5918): Preview color format [yuv420sp]
03-05 09:35:40.639: I/ShotCommon(5918): Picture width(640), height(480)
03-05 09:35:40.639: I/ShotCommon(5918): Picture color format [jpeg]
03-05 09:35:40.639: I/ShotSingle(5918): ShotSingle created: pid=5918
03-05 09:35:40.639: E/CameraHAL(5918): (400f6f30)   hardware/ti/omap4xxx/camera/espresso/CameraHal.cpp:2797 sendCommand - Preview is not running
03-05 09:35:40.662: I/AwesomePlayer(5918): reset
03-05 09:35:40.662: I/AwesomePlayer(5918): cancel player events
03-05 09:35:40.662: I/AwesomePlayer(5918): cancel player events
03-05 09:35:40.662: E/OMXCodec(5918): [LEGO] else flags = 0
03-05 09:35:40.670: I/AwesomePlayer(5918): reset
03-05 09:35:40.670: I/AwesomePlayer(5918): cancel player events
03-05 09:35:40.670: I/AwesomePlayer(5918): cancel player events
03-05 09:35:40.678: E/OMXCodec(5918): [LEGO] else flags = 0
03-05 09:35:40.678: I/AwesomePlayer(5918): reset
03-05 09:35:40.678: I/AwesomePlayer(5918): cancel player events
03-05 09:35:40.678: I/AwesomePlayer(5918): cancel player events
03-05 09:35:40.686: E/OMXCodec(5918): [LEGO] else flags = 0
03-05 09:35:40.686: I/CameraHAL(5918): NULL ANativeWindow passed to setPreviewWindow
03-05 09:35:40.686: D/SecCameraCoreManager(5918): virtual android::status_t android::SecCameraCoreManager::startPreview():start IT Policy checking thread
03-05 09:35:40.686: D/ShotSingle(5918): startPreview
03-05 09:35:40.733: E/CameraHAL(5918): (41aa0090)   hardware/ti/omap4xxx/camera/espresso/CameraHal.cpp:1514 startPreview - Preview not started. Preview in progress flag set
03-05 09:35:40.733: E/WindowStateAnimator(327): createSurfaceLocked called attrs.flags=16920
03-05 09:35:40.741: D/KeyguardViewMediator(327): setHidden false
03-05 09:35:40.741: E/SurfaceFlinger(308): SurfaceFlinger translucent=0 isOpaque=1 isExternalDisplayLayer=0 isExternalBlockLayer0
03-05 09:35:40.748: E/SurfaceFlinger(308): SurfaceFlinger translucent=1 isOpaque=0 isExternalDisplayLayer=0 isExternalBlockLayer0
03-05 09:35:40.748: E/SurfaceFlinger(308): SurfaceFlinger translucent=0 isOpaque=1 isExternalDisplayLayer=0 isExternalBlockLayer0
03-05 09:35:40.748: E/WindowStateAnimator(327): createSurfaceLocked called attrs.flags=16920
03-05 09:35:40.764: D/KeyguardViewMediator(327): setHidden false
03-05 09:35:40.772: D/KeyguardViewMediator(327): setHidden false
03-05 09:35:40.772: E/WindowStateAnimator(327): createSurfaceLocked called attrs.flags=16920
03-05 09:35:40.772: E/WindowStateAnimator(327): createSurfaceLocked called attrs.flags=25231616
03-05 09:35:40.772: D/STATUSBAR-StatusBarManagerService(327): setSystemUiVisibility(0x0)
03-05 09:35:40.772: D/STATUSBAR-StatusBarManagerService(327): manageDisableList what=0x0 pkg=WindowManager.LayoutParams
03-05 09:35:40.780: D/KeyguardViewMediator(327): setHidden false
03-05 09:35:40.780: E/SurfaceFlinger(308): SurfaceFlinger translucent=0 isOpaque=1 isExternalDisplayLayer=0 isExternalBlockLayer0
03-05 09:35:40.780: E/SurfaceFlinger(308): SurfaceFlinger translucent=1 isOpaque=0 isExternalDisplayLayer=0 isExternalBlockLayer0
03-05 09:35:40.780: E/SurfaceFlinger(308): SurfaceFlinger translucent=0 isOpaque=1 isExternalDisplayLayer=0 isExternalBlockLayer0
03-05 09:35:40.819: D/KeyguardViewMediator(327): setHidden false
03-05 09:35:40.819: D/KeyguardViewMediator(327): setHidden false
03-05 09:35:40.819: D/KeyguardViewMediator(327): setHidden false
03-05 09:35:40.819: D/KeyguardViewMediator(327): setHidden false
03-05 09:35:40.826: D/KeyguardViewMediator(327): setHidden false
03-05 09:35:40.826: D/KeyguardViewMediator(327): setHidden false
03-05 09:35:40.826: E/SurfaceFlinger(308): SurfaceFlinger translucent=0 isOpaque=1 isExternalDisplayLayer=0 isExternalBlockLayer0
03-05 09:35:40.826: E/SurfaceFlinger(308): SurfaceFlinger translucent=1 isOpaque=0 isExternalDisplayLayer=0 isExternalBlockLayer0
03-05 09:35:40.826: E/SurfaceFlinger(308): SurfaceFlinger translucent=0 isOpaque=1 isExternalDisplayLayer=0 isExternalBlockLayer0
03-05 09:35:40.834: D/KeyguardViewMediator(327): setHidden false
03-05 09:35:40.834: D/KeyguardViewMediator(327): setHidden false
03-05 09:35:40.834: D/KeyguardViewMediator(327): setHidden false
03-05 09:35:40.842: D/KeyguardViewMediator(327): setHidden false
03-05 09:35:40.842: E/WindowStateAnimator(327): createSurfaceLocked called attrs.flags=16920
03-05 09:35:40.850: E/SurfaceFlinger(308): SurfaceFlinger translucent=0 isOpaque=1 isExternalDisplayLayer=0 isExternalBlockLayer0
03-05 09:35:40.850: E/SurfaceFlinger(308): SurfaceFlinger translucent=1 isOpaque=0 isExternalDisplayLayer=0 isExternalBlockLayer0
03-05 09:35:40.850: E/SurfaceFlinger(308): SurfaceFlinger translucent=0 isOpaque=1 isExternalDisplayLayer=0 isExternalBlockLayer0
03-05 09:35:40.866: E/SurfaceFlinger(308): SurfaceFlinger translucent=0 isOpaque=1 isExternalDisplayLayer=0 isExternalBlockLayer0
03-05 09:35:40.866: E/SurfaceFlinger(308): SurfaceFlinger translucent=1 isOpaque=0 isExternalDisplayLayer=0 isExternalBlockLayer0
03-05 09:35:40.866: E/SurfaceFlinger(308): SurfaceFlinger translucent=0 isOpaque=1 isExternalDisplayLayer=0 isExternalBlockLayer0
03-05 09:35:41.209: D/SecCameraCoreManager(5918): virtual void android::SecCameraCoreManager::stopPreview():stop IT Policy checking thread
03-05 09:35:41.287: E/CameraHAL(5918): (41aa0440)   hardware/ti/omap4xxx/camera/espresso/BaseCameraAdapter.cpp:1792 setState - Adapter state switch PREVIEW_ACTIVE Invalid Op! event = 0xf
03-05 09:35:41.420: I/power(327): *** release_dvfs_lock : lockType : 1 
03-05 09:35:41.420: D/PowerManagerService(327): releaseDVFSLockLocked : all DVFS_MIN_LIMIT are released 
03-05 09:35:41.420: W/ActivityManager(327): mDVFSLock.release()
03-05 09:35:41.772: I/CameraHAL(5918): PreviewFormat yuv420sp
03-05 09:35:41.772: I/CameraHAL(5918): VSTAB false
03-05 09:35:41.772: I/CameraHAL(5918): IPP mode set ldc-nsf
03-05 09:35:41.772: I/CameraHAL(5918): PreviewResolution by App 800 x 480
03-05 09:35:41.772: I/CameraHAL(5918): Recording Hint is set to NULL
03-05 09:35:41.772: I/CameraHAL(5918): Focus mode set infinity
03-05 09:35:41.772: I/CameraHAL(5918): Picture Size by App 640 x 480
03-05 09:35:41.772: I/CameraHAL(5918): FRAMERATE 30
03-05 09:35:41.772: I/CameraHAL(5918): FPS Range = 6000,30000
03-05 09:35:41.772: I/CameraHAL(5918): DEFAULT FPS Range = 6000,30000
03-05 09:35:41.772: I/CameraHAL(5918): SET FRAMERATE 30
03-05 09:35:41.772: I/CameraHAL(5918): FPS Range [6, 30]
03-05 09:35:41.772: I/CameraHAL(5918): GBCE Value = disable
03-05 09:35:41.772: I/CameraHAL(5918): Exposure set = auto
03-05 09:35:41.772: I/CameraHAL(5918): White balance set auto
03-05 09:35:41.772: I/CameraHAL(5918): Contrast set 100
03-05 09:35:41.772: I/CameraHAL(5918): Sharpness set 100
03-05 09:35:41.772: I/CameraHAL(5918): Saturation set 100
03-05 09:35:41.772: I/CameraHAL(5918): Brightness set 50
03-05 09:35:41.772: I/CameraHAL(5918): Antibanding set 60hz
03-05 09:35:41.780: I/CameraHAL(5918): ISO set auto
03-05 09:35:41.780: I/CameraHAL(5918): Exposure compensation set 0
03-05 09:35:41.780: I/CameraHAL(5918): Scene mode set auto
03-05 09:35:41.780: I/CameraHAL(5918): Effect set none
03-05 09:35:41.780: I/CameraHAL(5918): Jpeg quality set 95
03-05 09:35:41.780: I/CameraHAL(5918): Thumbnail width set 160
03-05 09:35:41.780: I/CameraHAL(5918): Thumbnail height set 120
03-05 09:35:41.780: I/CameraHAL(5918): Thumbnail quality set 60
03-05 09:35:41.780: I/CameraHAL(5918): EXIF Model set GT-P5113
03-05 09:35:41.780: I/CameraHAL(5918): EXIF Make set Samsung
03-05 09:35:41.780: I/CameraHAL(5918): Zoom set 0
03-05 09:35:41.780: I/CameraHAL(5918): Auto Exposure Lock set false
03-05 09:35:41.780: I/CameraHAL(5918): Auto WhiteBalance Lock set false
03-05 09:35:41.780: D/SecCameraCoreManager(5918): virtual android::status_t android::SecCameraCoreManager::startPreview():start IT Policy checking thread
03-05 09:35:41.780: D/ShotSingle(5918): startPreview
03-05 09:35:41.928: D/KeyguardViewMediator(327): setHidden false
03-05 09:35:41.944: I/ClipboardServiceEx(327): Send intent for dismiss clipboard dialog inside hideCurrentInputLocked() !
03-05 09:35:41.944: D/KeyguardViewMediator(327): setHidden false
03-05 09:35:41.959: D/KeyguardViewMediator(327): setHidden false
03-05 09:35:41.959: D/(5918): PPM: Standby to first shot: Sensor Change completed -  :178.650 ms :  1362501341969 ms
03-05 09:35:41.967: E/SurfaceFlinger(308): SurfaceFlinger translucent=0 isOpaque=1 isExternalDisplayLayer=0 isExternalBlockLayer0
03-05 09:35:41.967: E/SurfaceFlinger(308): SurfaceFlinger translucent=1 isOpaque=0 isExternalDisplayLayer=0 isExternalBlockLayer0
03-05 09:35:41.967: E/SurfaceFlinger(308): SurfaceFlinger translucent=0 isOpaque=1 isExternalDisplayLayer=0 isExternalBlockLayer0
03-05 09:35:41.967: D/KeyguardViewMediator(327): setHidden false
03-05 09:35:41.975: D/KeyguardViewMediator(327): setHidden false
03-05 09:35:42.022: D/KeyguardViewMediator(327): setHidden false
03-05 09:35:42.030: D/KeyguardViewMediator(327): setHidden false
03-05 09:35:42.037: D/KeyguardViewMediator(327): setHidden false
03-05 09:35:42.045: E/SurfaceFlinger(308): SurfaceFlinger translucent=0 isOpaque=1 isExternalDisplayLayer=0 isExternalBlockLayer0
03-05 09:35:42.045: E/SurfaceFlinger(308): SurfaceFlinger translucent=1 isOpaque=0 isExternalDisplayLayer=0 isExternalBlockLayer0
03-05 09:35:42.045: E/SurfaceFlinger(308): SurfaceFlinger translucent=0 isOpaque=1 isExternalDisplayLayer=0 isExternalBlockLayer0
03-05 09:35:42.069: E/SurfaceFlinger(308): SurfaceFlinger translucent=0 isOpaque=1 isExternalDisplayLayer=0 isExternalBlockLayer0
03-05 09:35:42.069: E/SurfaceFlinger(308): SurfaceFlinger translucent=1 isOpaque=0 isExternalDisplayLayer=0 isExternalBlockLayer0
03-05 09:35:42.069: E/SurfaceFlinger(308): SurfaceFlinger translucent=0 isOpaque=1 isExternalDisplayLayer=0 isExternalBlockLayer0
03-05 09:35:42.069: E/SurfaceFlinger(308): SurfaceFlinger translucent=1 isOpaque=0 isExternalDisplayLayer=0 isExternalBlockLayer0
03-05 09:35:42.069: E/SurfaceFlinger(308): SurfaceFlinger translucent=1 isOpaque=0 isExternalDisplayLayer=0 isExternalBlockLayer0
03-05 09:35:42.069: D/KeyguardViewMediator(327): setHidden false
03-05 09:35:42.069: E/SurfaceFlinger(308): SurfaceFlinger translucent=1 isOpaque=0 isExternalDisplayLayer=0 isExternalBlockLayer0
03-05 09:35:42.069: E/SurfaceFlinger(308): SurfaceFlinger translucent=1 isOpaque=0 isExternalDisplayLayer=0 isExternalBlockLayer0
03-05 09:35:42.069: E/SurfaceFlinger(308): SurfaceFlinger translucent=0 isOpaque=1 isExternalDisplayLayer=0 isExternalBlockLayer0
03-05 09:35:42.084: E/SurfaceFlinger(308): SurfaceFlinger translucent=0 isOpaque=1 isExternalDisplayLayer=0 isExternalBlockLayer0
03-05 09:35:42.084: E/SurfaceFlinger(308): SurfaceFlinger translucent=1 isOpaque=0 isExternalDisplayLayer=0 isExternalBlockLayer0
03-05 09:35:42.084: E/SurfaceFlinger(308): SurfaceFlinger translucent=0 isOpaque=1 isExternalDisplayLayer=0 isExternalBlockLayer0
03-05 09:35:42.084: E/SurfaceFlinger(308): SurfaceFlinger translucent=1 isOpaque=0 isExternalDisplayLayer=0 isExternalBlockLayer0
03-05 09:35:42.084: E/SurfaceFlinger(308): SurfaceFlinger translucent=1 isOpaque=0 isExternalDisplayLayer=0 isExternalBlockLayer0
03-05 09:35:42.084: E/SurfaceFlinger(308): SurfaceFlinger translucent=1 isOpaque=0 isExternalDisplayLayer=0 isExternalBlockLayer0
03-05 09:35:42.084: E/SurfaceFlinger(308): SurfaceFlinger translucent=1 isOpaque=0 isExternalDisplayLayer=0 isExternalBlockLayer0
03-05 09:35:42.084: E/SurfaceFlinger(308): SurfaceFlinger translucent=0 isOpaque=1 isExternalDisplayLayer=0 isExternalBlockLayer0
03-05 09:35:42.100: E/SurfaceFlinger(308): SurfaceFlinger translucent=0 isOpaque=1 isExternalDisplayLayer=0 isExternalBlockLayer0
03-05 09:35:42.100: E/SurfaceFlinger(308): SurfaceFlinger translucent=1 isOpaque=0 isExternalDisplayLayer=0 isExternalBlockLayer0
03-05 09:35:42.100: E/SurfaceFlinger(308): SurfaceFlinger translucent=0 isOpaque=1 isExternalDisplayLayer=0 isExternalBlockLayer0
03-05 09:35:42.100: E/SurfaceFlinger(308): SurfaceFlinger translucent=1 isOpaque=0 isExternalDisplayLayer=0 isExternalBlockLayer0
03-05 09:35:42.100: E/SurfaceFlinger(308): SurfaceFlinger translucent=1 isOpaque=0 isExternalDisplayLayer=0 isExternalBlockLayer0
03-05 09:35:42.100: E/SurfaceFlinger(308): SurfaceFlinger translucent=1 isOpaque=0 isExternalDisplayLayer=0 isExternalBlockLayer0
03-05 09:35:42.100: E/SurfaceFlinger(308): SurfaceFlinger translucent=1 isOpaque=0 isExternalDisplayLayer=0 isExternalBlockLayer0
03-05 09:35:42.100: E/SurfaceFlinger(308): SurfaceFlinger translucent=0 isOpaque=1 isExternalDisplayLayer=0 isExternalBlockLayer0
03-05 09:35:42.123: E/SurfaceFlinger(308): SurfaceFlinger translucent=0 isOpaque=1 isExternalDisplayLayer=0 isExternalBlockLayer0
03-05 09:35:42.123: E/SurfaceFlinger(308): SurfaceFlinger translucent=1 isOpaque=0 isExternalDisplayLayer=0 isExternalBlockLayer0
03-05 09:35:42.123: E/SurfaceFlinger(308): SurfaceFlinger translucent=0 isOpaque=1 isExternalDisplayLayer=0 isExternalBlockLayer0
03-05 09:35:42.123: E/SurfaceFlinger(308): SurfaceFlinger translucent=1 isOpaque=0 isExternalDisplayLayer=0 isExternalBlockLayer0
03-05 09:35:42.123: E/SurfaceFlinger(308): SurfaceFlinger translucent=1 isOpaque=0 isExternalDisplayLayer=0 isExternalBlockLayer0
03-05 09:35:42.123: E/SurfaceFlinger(308): SurfaceFlinger translucent=1 isOpaque=0 isExternalDisplayLayer=0 isExternalBlockLayer0
03-05 09:35:42.123: E/SurfaceFlinger(308): SurfaceFlinger translucent=1 isOpaque=0 isExternalDisplayLayer=0 isExternalBlockLayer0
03-05 09:35:42.123: E/SurfaceFlinger(308): SurfaceFlinger translucent=0 isOpaque=1 isExternalDisplayLayer=0 isExternalBlockLayer0
03-05 09:35:42.147: E/SurfaceFlinger(308): SurfaceFlinger translucent=0 isOpaque=1 isExternalDisplayLayer=0 isExternalBlockLayer0
03-05 09:35:42.147: E/SurfaceFlinger(308): SurfaceFlinger translucent=1 isOpaque=0 isExternalDisplayLayer=0 isExternalBlockLayer0
03-05 09:35:42.155: E/SurfaceFlinger(308): SurfaceFlinger translucent=0 isOpaque=1 isExternalDisplayLayer=0 isExternalBlockLayer0
03-05 09:35:42.155: E/SurfaceFlinger(308): SurfaceFlinger translucent=1 isOpaque=0 isExternalDisplayLayer=0 isExternalBlockLayer0
03-05 09:35:42.155: E/SurfaceFlinger(308): SurfaceFlinger translucent=1 isOpaque=0 isExternalDisplayLayer=0 isExternalBlockLayer0
03-05 09:35:42.155: E/SurfaceFlinger(308): SurfaceFlinger translucent=1 isOpaque=0 isExternalDisplayLayer=0 isExternalBlockLayer0
03-05 09:35:42.155: E/SurfaceFlinger(308): SurfaceFlinger translucent=1 isOpaque=0 isExternalDisplayLayer=0 isExternalBlockLayer0
03-05 09:35:42.155: E/SurfaceFlinger(308): SurfaceFlinger translucent=0 isOpaque=1 isExternalDisplayLayer=0 isExternalBlockLayer0
03-05 09:35:42.170: E/SurfaceFlinger(308): SurfaceFlinger translucent=0 isOpaque=1 isExternalDisplayLayer=0 isExternalBlockLayer0
03-05 09:35:42.170: E/SurfaceFlinger(308): SurfaceFlinger translucent=1 isOpaque=0 isExternalDisplayLayer=0 isExternalBlockLayer0
03-05 09:35:42.178: E/SurfaceFlinger(308): SurfaceFlinger translucent=0 isOpaque=1 isExternalDisplayLayer=0 isExternalBlockLayer0
03-05 09:35:42.178: E/SurfaceFlinger(308): SurfaceFlinger translucent=1 isOpaque=0 isExternalDisplayLayer=0 isExternalBlockLayer0
03-05 09:35:42.178: E/SurfaceFlinger(308): SurfaceFlinger translucent=1 isOpaque=0 isExternalDisplayLayer=0 isExternalBlockLayer0
03-05 09:35:42.178: E/SurfaceFlinger(308): SurfaceFlinger translucent=1 isOpaque=0 isExternalDisplayLayer=0 isExternalBlockLayer0
03-05 09:35:42.178: E/SurfaceFlinger(308): SurfaceFlinger translucent=1 isOpaque=0 isExternalDisplayLayer=0 isExternalBlockLayer0
03-05 09:35:42.178: E/SurfaceFlinger(308): SurfaceFlinger translucent=0 isOpaque=1 isExternalDisplayLayer=0 isExternalBlockLayer0
03-05 09:35:42.209: E/SurfaceFlinger(308): SurfaceFlinger translucent=0 isOpaque=1 isExternalDisplayLayer=0 isExternalBlockLayer0
03-05 09:35:42.209: E/SurfaceFlinger(308): SurfaceFlinger translucent=1 isOpaque=0 isExternalDisplayLayer=0 isExternalBlockLayer0
03-05 09:35:42.209: E/SurfaceFlinger(308): SurfaceFlinger translucent=0 isOpaque=1 isExternalDisplayLayer=0 isExternalBlockLayer0
03-05 09:35:42.209: E/SurfaceFlinger(308): SurfaceFlinger translucent=1 isOpaque=0 isExternalDisplayLayer=0 isExternalBlockLayer0
03-05 09:35:42.209: E/SurfaceFlinger(308): SurfaceFlinger translucent=1 isOpaque=0 isExternalDisplayLayer=0 isExternalBlockLayer0
03-05 09:35:42.209: E/SurfaceFlinger(308): SurfaceFlinger translucent=1 isOpaque=0 isExternalDisplayLayer=0 isExternalBlockLayer0
03-05 09:35:42.209: E/SurfaceFlinger(308): SurfaceFlinger translucent=1 isOpaque=0 isExternalDisplayLayer=0 isExternalBlockLayer0
03-05 09:35:42.209: E/SurfaceFlinger(308): SurfaceFlinger translucent=0 isOpaque=1 isExternalDisplayLayer=0 isExternalBlockLayer0
03-05 09:35:42.225: E/SurfaceFlinger(308): SurfaceFlinger translucent=0 isOpaque=1 isExternalDisplayLayer=0 isExternalBlockLayer0
03-05 09:35:42.225: E/SurfaceFlinger(308): SurfaceFlinger translucent=1 isOpaque=0 isExternalDisplayLayer=0 isExternalBlockLayer0
03-05 09:35:42.225: E/SurfaceFlinger(308): SurfaceFlinger translucent=0 isOpaque=1 isExternalDisplayLayer=0 isExternalBlockLayer0
03-05 09:35:42.225: E/SurfaceFlinger(308): SurfaceFlinger translucent=1 isOpaque=0 isExternalDisplayLayer=0 isExternalBlockLayer0
03-05 09:35:42.225: E/SurfaceFlinger(308): SurfaceFlinger translucent=1 isOpaque=0 isExternalDisplayLayer=0 isExternalBlockLayer0
03-05 09:35:42.233: E/SurfaceFlinger(308): SurfaceFlinger translucent=1 isOpaque=0 isExternalDisplayLayer=0 isExternalBlockLayer0
03-05 09:35:42.233: E/SurfaceFlinger(308): SurfaceFlinger translucent=1 isOpaque=0 isExternalDisplayLayer=0 isExternalBlockLayer0
03-05 09:35:42.233: E/SurfaceFlinger(308): SurfaceFlinger translucent=0 isOpaque=1 isExternalDisplayLayer=0 isExternalBlockLayer0
03-05 09:35:42.248: E/SurfaceFlinger(308): SurfaceFlinger translucent=0 isOpaque=1 isExternalDisplayLayer=0 isExternalBlockLayer0
03-05 09:35:42.256: E/SurfaceFlinger(308): SurfaceFlinger translucent=1 isOpaque=0 isExternalDisplayLayer=0 isExternalBlockLayer0
03-05 09:35:42.256: E/SurfaceFlinger(308): SurfaceFlinger translucent=0 isOpaque=1 isExternalDisplayLayer=0 isExternalBlockLayer0
03-05 09:35:42.256: E/SurfaceFlinger(308): SurfaceFlinger translucent=1 isOpaque=0 isExternalDisplayLayer=0 isExternalBlockLayer0
03-05 09:35:42.256: E/SurfaceFlinger(308): SurfaceFlinger translucent=1 isOpaque=0 isExternalDisplayLayer=0 isExternalBlockLayer0
03-05 09:35:42.256: E/SurfaceFlinger(308): SurfaceFlinger translucent=1 isOpaque=0 isExternalDisplayLayer=0 isExternalBlockLayer0
03-05 09:35:42.256: E/SurfaceFlinger(308): SurfaceFlinger translucent=1 isOpaque=0 isExternalDisplayLayer=0 isExternalBlockLayer0
03-05 09:35:42.256: E/SurfaceFlinger(308): SurfaceFlinger translucent=0 isOpaque=1 isExternalDisplayLayer=0 isExternalBlockLayer0
03-05 09:35:42.272: E/SurfaceFlinger(308): SurfaceFlinger translucent=0 isOpaque=1 isExternalDisplayLayer=0 isExternalBlockLayer0
03-05 09:35:42.272: E/SurfaceFlinger(308): SurfaceFlinger translucent=1 isOpaque=0 isExternalDisplayLayer=0 isExternalBlockLayer0
03-05 09:35:42.272: E/SurfaceFlinger(308): SurfaceFlinger translucent=0 isOpaque=1 isExternalDisplayLayer=0 isExternalBlockLayer0
03-05 09:35:42.280: E/SurfaceFlinger(308): SurfaceFlinger translucent=1 isOpaque=0 isExternalDisplayLayer=0 isExternalBlockLayer0
03-05 09:35:42.280: E/SurfaceFlinger(308): SurfaceFlinger translucent=1 isOpaque=0 isExternalDisplayLayer=0 isExternalBlockLayer0
03-05 09:35:42.280: E/SurfaceFlinger(308): SurfaceFlinger translucent=1 isOpaque=0 isExternalDisplayLayer=0 isExternalBlockLayer0
03-05 09:35:42.280: E/SurfaceFlinger(308): SurfaceFlinger translucent=1 isOpaque=0 isExternalDisplayLayer=0 isExternalBlockLayer0
03-05 09:35:42.280: E/SurfaceFlinger(308): SurfaceFlinger translucent=0 isOpaque=1 isExternalDisplayLayer=0 isExternalBlockLayer0
03-05 09:35:42.303: E/SurfaceFlinger(308): SurfaceFlinger translucent=0 isOpaque=1 isExternalDisplayLayer=0 isExternalBlockLayer0
03-05 09:35:42.303: E/SurfaceFlinger(308): SurfaceFlinger translucent=1 isOpaque=0 isExternalDisplayLayer=0 isExternalBlockLayer0
03-05 09:35:42.303: E/SurfaceFlinger(308): SurfaceFlinger translucent=0 isOpaque=1 isExternalDisplayLayer=0 isExternalBlockLayer0
03-05 09:35:42.303: E/SurfaceFlinger(308): SurfaceFlinger translucent=1 isOpaque=0 isExternalDisplayLayer=0 isExternalBlockLayer0
03-05 09:35:42.303: E/SurfaceFlinger(308): SurfaceFlinger translucent=1 isOpaque=0 isExternalDisplayLayer=0 isExternalBlockLayer0
03-05 09:35:42.303: E/SurfaceFlinger(308): SurfaceFlinger translucent=1 isOpaque=0 isExternalDisplayLayer=0 isExternalBlockLayer0
03-05 09:35:42.303: E/SurfaceFlinger(308): SurfaceFlinger translucent=1 isOpaque=0 isExternalDisplayLayer=0 isExternalBlockLayer0
03-05 09:35:42.311: E/SurfaceFlinger(308): SurfaceFlinger translucent=0 isOpaque=1 isExternalDisplayLayer=0 isExternalBlockLayer0
03-05 09:35:42.326: E/SurfaceFlinger(308): SurfaceFlinger translucent=0 isOpaque=1 isExternalDisplayLayer=0 isExternalBlockLayer0
03-05 09:35:42.326: E/SurfaceFlinger(308): SurfaceFlinger translucent=1 isOpaque=0 isExternalDisplayLayer=0 isExternalBlockLayer0
03-05 09:35:42.326: E/SurfaceFlinger(308): SurfaceFlinger translucent=0 isOpaque=1 isExternalDisplayLayer=0 isExternalBlockLayer0
03-05 09:35:42.326: E/SurfaceFlinger(308): SurfaceFlinger translucent=1 isOpaque=0 isExternalDisplayLayer=0 isExternalBlockLayer0
03-05 09:35:42.326: E/SurfaceFlinger(308): SurfaceFlinger translucent=1 isOpaque=0 isExternalDisplayLayer=0 isExternalBlockLayer0
03-05 09:35:42.326: E/SurfaceFlinger(308): SurfaceFlinger translucent=1 isOpaque=0 isExternalDisplayLayer=0 isExternalBlockLayer0
03-05 09:35:42.326: E/SurfaceFlinger(308): SurfaceFlinger translucent=1 isOpaque=0 isExternalDisplayLayer=0 isExternalBlockLayer0
03-05 09:35:42.326: E/SurfaceFlinger(308): SurfaceFlinger translucent=0 isOpaque=1 isExternalDisplayLayer=0 isExternalBlockLayer0
03-05 09:35:42.350: E/SurfaceFlinger(308): SurfaceFlinger translucent=0 isOpaque=1 isExternalDisplayLayer=0 isExternalBlockLayer0
03-05 09:35:42.358: E/SurfaceFlinger(308): SurfaceFlinger translucent=1 isOpaque=0 isExternalDisplayLayer=0 isExternalBlockLayer0
03-05 09:35:42.358: E/SurfaceFlinger(308): SurfaceFlinger translucent=0 isOpaque=1 isExternalDisplayLayer=0 isExternalBlockLayer0
03-05 09:35:42.358: E/SurfaceFlinger(308): SurfaceFlinger translucent=1 isOpaque=0 isExternalDisplayLayer=0 isExternalBlockLayer0
03-05 09:35:42.358: E/SurfaceFlinger(308): SurfaceFlinger translucent=1 isOpaque=0 isExternalDisplayLayer=0 isExternalBlockLayer0
03-05 09:35:42.358: E/SurfaceFlinger(308): SurfaceFlinger translucent=1 isOpaque=0 isExternalDisplayLayer=0 isExternalBlockLayer0
03-05 09:35:42.358: E/SurfaceFlinger(308): SurfaceFlinger translucent=1 isOpaque=0 isExternalDisplayLayer=0 isExternalBlockLayer0
03-05 09:35:42.358: E/SurfaceFlinger(308): SurfaceFlinger translucent=0 isOpaque=1 isExternalDisplayLayer=0 isExternalBlockLayer0
03-05 09:35:42.366: D/KeyguardViewMediator(327): setHidden false
03-05 09:35:42.373: D/Launcher.HomeFragment(557): onStop
03-05 09:35:42.373: D/Launcher(557): onStop, Launcher: 1099719264
03-05 09:35:42.373: E/SurfaceFlinger(308): SurfaceFlinger translucent=0 isOpaque=1 isExternalDisplayLayer=0 isExternalBlockLayer0
03-05 09:35:42.373: E/SurfaceFlinger(308): SurfaceFlinger translucent=1 isOpaque=0 isExternalDisplayLayer=0 isExternalBlockLayer0
03-05 09:35:42.373: E/SurfaceFlinger(308): SurfaceFlinger translucent=0 isOpaque=1 isExternalDisplayLayer=0 isExternalBlockLayer0
03-05 09:35:42.373: E/SurfaceFlinger(308): SurfaceFlinger translucent=1 isOpaque=0 isExternalDisplayLayer=0 isExternalBlockLayer0
03-05 09:35:42.373: E/SurfaceFlinger(308): SurfaceFlinger translucent=1 isOpaque=0 isExternalDisplayLayer=0 isExternalBlockLayer0
03-05 09:35:42.373: E/SurfaceFlinger(308): SurfaceFlinger translucent=1 isOpaque=0 isExternalDisplayLayer=0 isExternalBlockLayer0
03-05 09:35:42.373: D/KeyguardViewMediator(327): setHidden false
03-05 09:35:59.991: V/AlarmManager(327): waitForAlarm result :8
03-05 09:35:59.998: V/AlarmManager(327): ClockReceiver onReceive() ACTION_TIME_TICK
03-05 09:35:59.998: W/AlarmManager(327): FACTORY_ON= 0
03-05 09:36:00.006: D/STATUSBAR-Clock(426): onReceive() - ACTION_TIME_TICK
03-05 09:36:00.030: D/STATUSBAR-Clock(426): onReceive() - ACTION_TIME_TICK
03-05 09:36:03.397: I/InputReader(327): Touch event's action is 0x0 (deviceType=0) [pCnt=1, s=0.370 ]
03-05 09:36:03.397: I/InputDispatcher(327): Delivering touch to current input target: action: 0x0
03-05 09:36:03.397: I/InputDispatcher(327): Delivering touch to current input target: action: 0x0
03-05 09:36:03.397: I/InputDispatcher(327): Delivering touch to current input target: action: 0x0
03-05 09:36:03.405: D/KeyguardViewMediator(327): setHidden false
03-05 09:36:03.420: D/KeyguardViewMediator(327): setHidden false
03-05 09:36:03.428: D/KeyguardViewMediator(327): setHidden false
03-05 09:36:03.530: I/InputReader(327): Touch event's action is 0x1 (deviceType=0) [pCnt=1, s=]
03-05 09:36:03.530: I/InputDispatcher(327): Delivering touch to current input target: action: 0x1
03-05 09:36:03.530: I/InputDispatcher(327): Delivering touch to current input target: action: 0x1
03-05 09:36:03.530: I/InputDispatcher(327): Delivering touch to current input target: action: 0x1
03-05 09:36:03.561: I/MediaRecorderJNI(5553): prepare: surface=0x58eb9008 (identity=241)
03-05 09:36:03.569: D/CameraSource(5918): Camera does not support setVideoSize()
03-05 09:36:03.576: I/CameraHAL(5918): PreviewResolution by App 1280 x 720
03-05 09:36:03.576: I/CameraHAL(5918): Recording Hint is set to NULL
03-05 09:36:03.576: I/CameraHAL(5918): Focus mode set infinity
03-05 09:36:03.576: I/CameraHAL(5918): Picture Size by App 640 x 480
03-05 09:36:03.576: I/CameraHAL(5918): FRAMERATE 30
03-05 09:36:03.576: I/CameraHAL(5918): FPS Range = 6000,30000
03-05 09:36:03.576: I/CameraHAL(5918): DEFAULT FPS Range = 6000,30000
03-05 09:36:03.576: I/CameraHAL(5918): SET FRAMERATE 30
03-05 09:36:03.576: I/CameraHAL(5918): FPS Range [6, 30]
03-05 09:36:03.576: I/CameraHAL(5918): GBCE Value = disable
03-05 09:36:03.576: I/CameraHAL(5918): Exposure set = auto
03-05 09:36:03.576: I/CameraHAL(5918): White balance set auto
03-05 09:36:03.576: I/CameraHAL(5918): Contrast set 100
03-05 09:36:03.576: I/CameraHAL(5918): Sharpness set 100
03-05 09:36:03.576: I/CameraHAL(5918): Saturation set 100
03-05 09:36:03.576: I/CameraHAL(5918): Brightness set 50
03-05 09:36:03.576: I/CameraHAL(5918): Antibanding set 60hz
03-05 09:36:03.576: I/CameraHAL(5918): ISO set auto
03-05 09:36:03.576: I/CameraHAL(5918): Exposure compensation set 0
03-05 09:36:03.576: I/CameraHAL(5918): Scene mode set auto
03-05 09:36:03.576: I/CameraHAL(5918): Effect set none
03-05 09:36:03.576: I/CameraHAL(5918): Jpeg quality set 95
03-05 09:36:03.576: I/CameraHAL(5918): Thumbnail width set 160
03-05 09:36:03.576: I/CameraHAL(5918): Thumbnail height set 120
03-05 09:36:03.576: I/CameraHAL(5918): Thumbnail quality set 60
03-05 09:36:03.576: I/CameraHAL(5918): EXIF Model set GT-P5113
03-05 09:36:03.576: I/CameraHAL(5918): EXIF Make set Samsung
03-05 09:36:03.576: I/CameraHAL(5918): Zoom set 0
03-05 09:36:03.576: I/CameraHAL(5918): Auto Exposure Lock set false
03-05 09:36:03.576: I/CameraHAL(5918): Auto WhiteBalance Lock set false
03-05 09:36:03.576: I/CameraHAL(5918): Restarting Preview
03-05 09:36:03.576: E/CameraHAL(5918): (400f6f30)   hardware/ti/omap4xxx/camera/espresso/BaseCameraAdapter.cpp:1792 setState - Adapter state switch PREVIEW_ACTIVE Invalid Op! event = 0xf
03-05 09:36:03.967: E/OMXCodec(5918): [LEGO] else flags = 48
03-05 09:36:03.983: V/AudioPolicyManagerBase(5918): getDeviceForInputSource()input source 5, device 00100000
03-05 09:36:03.983: V/AudioPolicyManagerBase(5918): getInput() inputSource 5, samplingRate 48000, format 1, channelMask c, acoustics 7
03-05 09:36:03.983: D/AudioHardwareTinyALSA(5918): Input	: format = 1, channels = 12, rate = 48000
03-05 09:36:03.983: D/AudioHardwareTinyALSA(5918): default	: format = 0, channelCount = 2, rate = 44100
03-05 09:36:03.983: D/AudioHardwareTinyALSA(5918): AudioStreamOps::set set IN_Channels : 10
03-05 09:36:03.998: D/AudioHardwareTinyALSA(5918): mInputs.size : 1
03-05 09:36:03.998: D/AudioHardwareTinyALSA(5918): Entering AudioStreamInALSA standby mode
03-05 09:36:03.998: D/AudioHardwareTinyALSA(5918): Entering AudioStreamInALSA standby mode
03-05 09:36:04.006: E/OMXCodec(5918): [LEGO] else flags = 0
03-05 09:36:04.006: W/StagefrightRecorder(5918): audio source is exist, set interval to audio
03-05 09:36:04.014: I/MPEG4Writer(5918): Start time offset: 700000 us
03-05 09:36:04.014: I/AudioPolicyManagerBase(5918): getSituationVolume: isBTConnected:0 isHeadConnected:0
03-05 09:36:04.014: V/AudioPolicyManagerBase(5918): getParamFromPolicy  deviceInt = 0, situationInt = 5, situationVolume = 1.000000
03-05 09:36:04.053: I/AudioPlayer(5918):  Audioplayer kKeyAudioPCMFormat:1, 1, 0
03-05 09:36:04.053: I/AudioPlayer(5918):  Audioplayer1 (1, 1)
03-05 09:36:04.053: V/AudioPolicyManagerBase(5918): getOutput() stream 7, samplingRate 0, format 0, channelMask 3, flags 0
03-05 09:36:04.053: V/AudioPolicyManagerBase(5918): getOutputsForDevice device 0002 -> 0002
03-05 09:36:04.053: V/AudioPolicyManagerBase(5918): getOutput() returns output 2
03-05 09:36:04.053: V/AudioPolicyManagerBase(5918): getOutput() stream 7, samplingRate 0, format 0, channelMask 3, flags 0
03-05 09:36:04.053: V/AudioPolicyManagerBase(5918): getOutputsForDevice device 0002 -> 0002
03-05 09:36:04.053: V/AudioPolicyManagerBase(5918): getOutput() returns output 2
03-05 09:36:04.053: V/AudioPolicyManagerBase(5918): getOutput() stream 7, samplingRate 44100, format 1, channelMask 1, flags 0
03-05 09:36:04.053: V/AudioPolicyManagerBase(5918): getOutputsForDevice device 0002 -> 0002
03-05 09:36:04.053: V/AudioPolicyManagerBase(5918): getOutput() returns output 2
03-05 09:36:04.053: V/AudioPolicyManagerBase(5918): getOutput() stream 7, samplingRate 0, format 0, channelMask 3, flags 0
03-05 09:36:04.053: V/AudioPolicyManagerBase(5918): getOutputsForDevice device 0002 -> 0002
03-05 09:36:04.053: V/AudioPolicyManagerBase(5918): getOutput() returns output 2
03-05 09:36:04.053: V/LvOutput(5918): initCheck: 0
03-05 09:36:04.053: V/LvOutput(5918): attachEffects: attach processing to output 2, stream 7, session 7, mode 0
03-05 09:36:04.053: V/LvOutput(5918): attachEffects: no output processing needs to be attached to this stream
03-05 09:36:04.053: V/LvOutput(5918): LvOutput::setAllProcessorEnabled(false) mOutputs.size(0)
03-05 09:36:04.053: V/AudioPolicyManagerBase(5918): startOutput() output 2, stream 7, session 7
03-05 09:36:04.053: V/AudioPolicyManagerBase(5918): changeRefCount() stream 7, count 1
03-05 09:36:04.053: E/AudioPolicyManagerBase(5918): unknown stream type
03-05 09:36:04.061: V/AudioPolicyManagerBase(5918): getNewDevice() selected device 2
03-05 09:36:04.061: V/AudioPolicyManagerBase(5918): setOutputDevice() output 2 device 0002 force 0 delayMs 0 
03-05 09:36:04.061: V/AudioPolicyManagerBase(5918): setOutputDevice() prevDevice 0002
03-05 09:36:04.061: V/AudioPolicyManagerBase(5918): setOutputDevice() setting same device 0002 or null device for output 2
03-05 09:36:04.061: E/CameraHAL(5918): (400f6f30)   hardware/ti/omap4xxx/camera/espresso/BaseCameraAdapter.cpp:1792 setState - Adapter state switch PREVIEW_ACTIVE Invalid Op! event = 0xf
03-05 09:36:04.069: I/AudioHardwareTinyALSA(5918): AudioStreamOutALSA::write setDevice
03-05 09:36:04.069: D/AudioHardwareTinyALSA(5918): OutALSA::setDevice: mode = 0, newDevice=0x2, currentDevice=0x2 ,force= 0
03-05 09:36:04.069: D/AudioHardwareTinyALSA(5918): OutALSA::setDevice: mDevice 0x2, newDevice = 0x2
03-05 09:36:04.069: D/AudioHardwareTinyALSA(5918): setOutputVolume
03-05 09:36:04.069: D/TinyUCM(5918): setModifier Normal, en=1
03-05 09:36:04.069: I/AudioHardwareTinyALSA(5918): OutALSA::setDevice: mHandle NULL mode[0], Device[00000002] 
03-05 09:36:04.069: I/AudioHardwareTinyALSA(5918): Open: mDefaults->direction=0 device=0
03-05 09:36:04.069: D/AudioHardwareTinyALSA(5918): Channel: 2, Samplerate: 44100, Format: 0, Peroid Size: 1024, Period Count: 4
03-05 09:36:04.069: D/AudioHardwareTinyALSA(5918): setPcmInterface: Stream=0x1, iSamplerate=8000++
03-05 09:36:04.069: D/AudioHardwareTinyALSA(5918): setPcmInterface--
03-05 09:36:04.600: V/LvOutput(5918): initCheck: 0
03-05 09:36:04.600: V/LvOutput(5918): detachEffects: detach processing for output 2, stream 7, session 7
03-05 09:36:04.600: V/LvOutput(5918): detachEffects: no output processing was attached to this stream
03-05 09:36:04.600: V/AudioPolicyManagerBase(5918): stopOutput() output 2, stream 7, session 7
03-05 09:36:04.600: V/AudioPolicyManagerBase(5918): changeRefCount() stream 7, count 0
03-05 09:36:04.600: E/AudioPolicyManagerBase(5918): unknown stream type
03-05 09:36:04.600: E/AudioPolicyManagerBase(5918): unknown stream type
03-05 09:36:04.600: E/AudioPolicyManagerBase(5918): unknown stream type
03-05 09:36:04.600: E/AudioPolicyManagerBase(5918): unknown stream type
03-05 09:36:04.600: E/AudioPolicyManagerBase(5918): unknown stream type
03-05 09:36:04.600: E/AudioPolicyManagerBase(5918): unknown stream type
03-05 09:36:04.600: V/AudioPolicyManagerBase(5918): getNewDevice() selected device 0
03-05 09:36:04.600: V/AudioPolicyManagerBase(5918): setOutputDevice() output 2 device 0000 force 0 delayMs 184 
03-05 09:36:04.600: V/AudioPolicyManagerBase(5918): setOutputDevice() prevDevice 0002
03-05 09:36:04.600: V/AudioPolicyManagerBase(5918): setOutputDevice() setting same device 0000 or null device for output 2
03-05 09:36:04.897: W/PowerManagerService(327): Timer 0x3->0x3|0x0
03-05 09:36:05.155: E/Watchdog(327): !@Sync 403
03-05 09:36:05.319: I/MPEG4Writer(5918): Start time offset: 700000 us
03-05 09:36:05.319: V/AudioPolicyManagerBase(5918): startInput() input 10
03-05 09:36:05.319: V/AudioPolicyManagerBase(5918): getDeviceForInputSource()input source 5, device 00100000
03-05 09:36:05.319: V/AudioPolicyManagerBase(5918): AudioPolicyManager::startInput() input source = 5
03-05 09:36:05.319: D/dalvikvm(327): WAIT_FOR_CONCURRENT_GC blocked 0ms
03-05 09:36:05.451: D/dalvikvm(327): GC_EXPLICIT freed 1212K, 37% free 21669K/34055K, paused 11ms+9ms, total 127ms
03-05 09:36:05.451: I/AudioHardwareTinyALSA(5918): virtual android::status_t android::AudioStreamInALSA::setParameters(const android::String8&): input_source=5;routing=1048576
03-05 09:36:05.451: I/samsungRecord(5918): [samsungrecord] SamsungRecInit 
03-05 09:36:05.451: I/samsungRecord(5918): 1
03-05 09:36:05.451: D/AudioHardwareTinyALSA(5918): InALSA::setDevice: mode = 0, newDevice=0x100000, currentDevice=0x0 ,force= 0
03-05 09:36:05.451: D/AudioHardwareTinyALSA(5918): InALSA::setDevice: mDevice 0x0, newDevice = 0x100000
03-05 09:36:05.451: I/AudioHardwareTinyALSA(5918): InALSA::setDevice: mode[0], Device[00100000] force=0
03-05 09:36:05.451: D/TinyUCM(5918): Enable 100000
03-05 09:36:05.451: D/TinyUCM(5918): Disable 0
03-05 09:36:05.451: D/TinyUCM(5918): getInputChannel: inputs = 0x100000
03-05 09:36:05.451: D/TinyUCM(5918): set channel: Left
03-05 09:36:05.451: D/TinyUCM(5918): setModifier MicRec, en=1
03-05 09:36:05.451: D/AudioHardwareTinyALSA(5918): setInputVolume
03-05 09:36:05.451: D/TinyUCM(5918): setModifier Camcorder, en=1
03-05 09:36:05.451: E/TinyUCM(5918): modifier doesn't exists any more
03-05 09:36:05.451: I/AudioHardwareTinyALSA(5918): InALSA::setDevice: mHandle NULL mode[0], Device[00100000]
03-05 09:36:05.451: I/AudioHardwareTinyALSA(5918): Open: mDefaults->direction=10000000 device=0
03-05 09:36:05.451: D/AudioHardwareTinyALSA(5918): Channel: 2, Samplerate: 44100, Format: 0, Peroid Size: 1024, Period Count: 4
03-05 09:36:05.451: D/AudioHardwareTinyALSA(5918): setPcmInterface: Stream=0x2, iSamplerate=8000++
03-05 09:36:05.451: D/AudioHardwareTinyALSA(5918): setPcmInterface--
03-05 09:36:05.623: I/MPEG4Writer(5918): setStartTimestampUs: 774670
03-05 09:36:05.623: I/MPEG4Writer(5918): Earliest track starting time: 774670
03-05 09:36:05.647: D/(5918): PPM: Standby to first shot: Sensor Change completed -  :1021.58 ms :  1362501365650 ms
03-05 09:36:05.951: I/MPEG4Writer(5918): setStartTimestampUs: 931653
03-05 09:36:06.366: I/InputReader(327): Touch event's action is 0x0 (deviceType=0) [pCnt=1, s=0.371 ]
03-05 09:36:06.366: I/InputDispatcher(327): Delivering touch to current input target: action: 0x0
03-05 09:36:06.366: I/InputDispatcher(327): Delivering touch to current input target: action: 0x0
03-05 09:36:06.366: I/InputDispatcher(327): Delivering touch to current input target: action: 0x0
03-05 09:36:06.514: I/InputReader(327): Touch event's action is 0x1 (deviceType=0) [pCnt=1, s=]
03-05 09:36:06.514: I/InputDispatcher(327): Delivering touch to current input target: action: 0x1
03-05 09:36:06.514: I/InputDispatcher(327): Delivering touch to current input target: action: 0x1
03-05 09:36:06.514: I/InputDispatcher(327): Delivering touch to current input target: action: 0x1
03-05 09:36:06.522: D/MPEG4Writer(5918): Stopping Video track
03-05 09:36:06.553: I/MPEG4Writer(5918): Received total/0-length (8/0) buffers and encoded 7 frames. - video
03-05 09:36:06.561: D/MPEG4Writer(5918): Stopping Video track source
03-05 09:36:06.584: D/CameraSource(5918): reset: E
03-05 09:36:06.584: I/AudioPolicyManagerBase(5918): getSituationVolume: isBTConnected:0 isHeadConnected:0
03-05 09:36:06.592: V/AudioPolicyManagerBase(5918): getParamFromPolicy  deviceInt = 0, situationInt = 5, situationVolume = 1.000000
03-05 09:36:06.608: I/AudioPlayer(5918):  Audioplayer kKeyAudioPCMFormat:1, 1, 0
03-05 09:36:06.608: I/AudioPlayer(5918):  Audioplayer1 (1, 1)
03-05 09:36:06.608: V/AudioPolicyManagerBase(5918): getOutput() stream 7, samplingRate 0, format 0, channelMask 3, flags 0
03-05 09:36:06.608: V/AudioPolicyManagerBase(5918): getOutputsForDevice device 0002 -> 0002
03-05 09:36:06.608: V/AudioPolicyManagerBase(5918): getOutput() returns output 2
03-05 09:36:06.608: V/AudioPolicyManagerBase(5918): getOutput() stream 7, samplingRate 0, format 0, channelMask 3, flags 0
03-05 09:36:06.608: V/AudioPolicyManagerBase(5918): getOutputsForDevice device 0002 -> 0002
03-05 09:36:06.608: V/AudioPolicyManagerBase(5918): getOutput() returns output 2
03-05 09:36:06.608: V/AudioPolicyManagerBase(5918): getOutput() stream 7, samplingRate 44100, format 1, channelMask 1, flags 0
03-05 09:36:06.608: V/AudioPolicyManagerBase(5918): getOutputsForDevice device 0002 -> 0002
03-05 09:36:06.608: V/AudioPolicyManagerBase(5918): getOutput() returns output 2
03-05 09:36:06.616: V/AudioPolicyManagerBase(5918): getOutput() stream 7, samplingRate 0, format 0, channelMask 3, flags 0
03-05 09:36:06.616: V/AudioPolicyManagerBase(5918): getOutputsForDevice device 0002 -> 0002
03-05 09:36:06.616: V/AudioPolicyManagerBase(5918): getOutput() returns output 2
03-05 09:36:06.616: V/LvOutput(5918): initCheck: 0
03-05 09:36:06.616: V/LvOutput(5918): attachEffects: attach processing to output 2, stream 7, session 8, mode 0
03-05 09:36:06.616: V/LvOutput(5918): attachEffects: no output processing needs to be attached to this stream
03-05 09:36:06.616: V/LvOutput(5918): LvOutput::setAllProcessorEnabled(false) mOutputs.size(0)
03-05 09:36:06.616: V/AudioPolicyManagerBase(5918): startOutput() output 2, stream 7, session 8
03-05 09:36:06.616: V/AudioPolicyManagerBase(5918): changeRefCount() stream 7, count 1
03-05 09:36:06.616: E/AudioPolicyManagerBase(5918): unknown stream type
03-05 09:36:06.616: V/AudioPolicyManagerBase(5918): getNewDevice() selected device 2
03-05 09:36:06.616: V/AudioPolicyManagerBase(5918): setOutputDevice() output 2 device 0002 force 0 delayMs 0 
03-05 09:36:06.616: V/AudioPolicyManagerBase(5918): setOutputDevice() prevDevice 0002
03-05 09:36:06.616: V/AudioPolicyManagerBase(5918): setOutputDevice() setting same device 0002 or null device for output 2
03-05 09:36:06.616: D/CameraSource(5918): reset: X
03-05 09:36:06.616: D/MPEG4Writer(5918): Video track stopped
03-05 09:36:06.616: D/MPEG4Writer(5918): Stopping Audio track
03-05 09:36:06.717: I/MPEG4Writer(5918): Received total/0-length (53/0) buffers and encoded 52 frames. - audio
03-05 09:36:06.717: I/MPEG4Writer(5918): Audio track drift time: 0 us
03-05 09:36:06.717: D/MPEG4Writer(5918): Stopping Audio track source
03-05 09:36:06.741: D/AudioHardwareTinyALSA(5918): Entering AudioStreamInALSA standby mode
03-05 09:36:06.741: I/AudioHardwareTinyALSA(5918): Close mHandle:41acfab0
03-05 09:36:06.748: V/AudioPolicyManagerBase(5918): stopInput() input 10
03-05 09:36:06.748: I/AudioHardwareTinyALSA(5918): virtual android::status_t android::AudioStreamInALSA::setParameters(const android::String8&): routing=0
03-05 09:36:06.748: D/MPEG4Writer(5918): Audio track stopped
03-05 09:36:06.748: D/MPEG4Writer(5918): Duration from tracks range is [707215, 1109333] us
03-05 09:36:06.748: D/MPEG4Writer(5918): Stopping writer thread
03-05 09:36:06.748: D/MPEG4Writer(5918): 0 chunks are written in the last batch
03-05 09:36:06.748: D/MPEG4Writer(5918): Writer thread stopped
03-05 09:36:06.748: D/MPEG4Writer(5918): writeStszBox for Video track
03-05 09:36:06.748: D/MPEG4Writer(5918): writeStszBox: X
03-05 09:36:06.748: D/MPEG4Writer(5918): writeStszBox for Audio track
03-05 09:36:06.748: D/MPEG4Writer(5918): writeStszBox: X
03-05 09:36:06.756: D/MPEG4Writer(5918): Stopping Video track
03-05 09:36:06.756: D/MPEG4Writer(5918): Stopping Audio track
03-05 09:36:06.756: V/OMXNodeInstance(5918): calling destroyComponentInstance
03-05 09:36:06.756: V/OMXNodeInstance(5918): destroyComponentInstance returned err 0
03-05 09:36:06.756: V/OMXNodeInstance(5918): OMXNodeInstance going away.
03-05 09:36:06.756: V/OMXNodeInstance(5918): calling destroyComponentInstance
03-05 09:36:06.764: V/OMXNodeInstance(5918): destroyComponentInstance returned err 0
03-05 09:36:06.764: V/OMXNodeInstance(5918): OMXNodeInstance going away.
03-05 09:36:06.764: V/AudioPolicyManagerBase(5918): releaseInput() 10
03-05 09:36:06.764: D/TinyUCM(5918): Disable 100000
03-05 09:36:06.772: D/AudioHardwareTinyALSA(5918): Entering AudioStreamInALSA standby mode
03-05 09:36:06.772: V/AudioPolicyManagerBase(5918): releaseInput() exit
03-05 09:36:06.881: V/LvOutput(5918): initCheck: 0
03-05 09:36:06.881: V/LvOutput(5918): detachEffects: detach processing for output 2, stream 7, session 8
03-05 09:36:06.881: V/LvOutput(5918): detachEffects: no output processing was attached to this stream
03-05 09:36:06.881: V/AudioPolicyManagerBase(5918): stopOutput() output 2, stream 7, session 8
03-05 09:36:06.881: V/AudioPolicyManagerBase(5918): changeRefCount() stream 7, count 0
03-05 09:36:06.881: E/AudioPolicyManagerBase(5918): unknown stream type
03-05 09:36:06.881: E/AudioPolicyManagerBase(5918): unknown stream type
03-05 09:36:06.881: E/AudioPolicyManagerBase(5918): unknown stream type
03-05 09:36:06.881: E/AudioPolicyManagerBase(5918): unknown stream type
